// Jest Snapshot v1, https://goo.gl/fbAQLP

exports[`should render header correctly 1`] = `
<header
  className="App-header"
>
  <h1>
    Super duper job board
  </h1>
  <nav>
    <ul>
      <li>
        <NavLink
          activeClassName="is-active"
          aria-current="page"
          exact={true}
          to="/"
        >
          Home
        </NavLink>
      </li>
      <li>
        <NavLink
          activeClassName="is-active"
          aria-current="page"
          to="/create"
        >
          Add a job
        </NavLink>
      </li>
    </ul>
  </nav>
</header>
`;
